// Jest Snapshot v1, https://goo.gl/fbAQLP

exports[`Request component renders Request 1`] = `
<DocumentFragment>
  <form
    class="Request"
  >
    <h1>
      Animal Form
    </h1>
    <h3>
      Please select one
    </h3>
    <div>
      <input
        id="post"
        name="method"
        type="radio"
        value="post"
      />
      <label
        for="post"
      >
        Add an Animal
      </label>
      <input
        name="name"
        placeholder="Enter name"
        type="text"
        value="Tiger"
      />
      <input
        name="type"
        placeholder="Enter type"
        type="text"
        value="Mammal"
      />
      <input
        name="characteristic"
        placeholder="Enter characteristic"
        type="text"
        value="stripes"
      />
    </div>
    <div>
      <input
        id="get"
        name="method"
        type="radio"
        value="get"
      />
      <label
        for="get"
      >
        Get all Animals
      </label>
    </div>
    <div>
      <input
        id="find"
        name="method"
        type="radio"
        value="find"
      />
      <label
        for="find"
      >
        Find Animal by Id
      </label>
      <input
        name="id"
        placeholder="Enter ID of Animal"
        type="text"
        value=""
      />
    </div>
    <div>
      <input
        id="put"
        name="method"
        type="radio"
        value="put"
      />
      <label
        for="put"
      >
        Update Animal by Id
      </label>
      <input
        name="id"
        placeholder="Enter ID of Animal"
        type="text"
        value=""
      />
      <br />
      <input
        name="name"
        placeholder="Update name"
        type="text"
        value="Tiger"
      />
      <input
        name="type"
        placeholder="Update type"
        type="text"
        value="Mammal"
      />
      <input
        name="characteristic"
        placeholder="Update characteristic"
        type="text"
        value="stripes"
      />
    </div>
    <div>
      <input
        id="delete"
        name="method"
        type="radio"
        value="delete"
      />
      <label
        for="delete"
      >
        Delete Animal by Id
      </label>
      <input
        name="id"
        placeholder="Enter ID of Animal"
        type="text"
        value=""
      />
    </div>
    <button>
      Submit
    </button>
  </form>
</DocumentFragment>
`;
