// Jest Snapshot v1, https://goo.gl/fbAQLP

exports[`Request component renders Request 1`] = `
<DocumentFragment>
  <form>
    <h2>
      Insert an Animal
    </h2>
    <input
      name="name"
      placeholder="Enter name"
      type="text"
      value="Tiger"
    />
    <input
      name="type"
      placeholder="Enter type"
      type="text"
      value="Mammal"
    />
    <input
      name="characteristic"
      placeholder="Enter characteristic"
      type="text"
      value="stripes"
    />
    <br />
    <input
      id="get"
      name="method"
      type="radio"
      value="get"
    />
    <label
      for="get"
    >
      Get all Animals
    </label>
    <input
      id="post"
      name="method"
      type="radio"
      value="post"
    />
    <label
      for="post"
    >
      Add an Animal
    </label>
    <br />
    <button>
      Submit
    </button>
  </form>
</DocumentFragment>
`;
